../Core/Src/main.c:86:5:_write	32	static
../Core/Src/main.c:117:5:main	88	static
../Core/Src/main.c:250:6:SystemClock_Config	88	static
../Core/Src/main.c:294:13:MX_ADC1_Init	24	static
../Core/Src/main.c:368:13:MX_I2C1_Init	8	static
../Core/Src/main.c:402:13:MX_USART2_UART_Init	8	static
../Core/Src/main.c:433:13:MX_DMA_Init	16	static
../Core/Src/main.c:451:13:MX_GPIO_Init	16	static
../Core/Src/main.c:462:6:setupAnimation	24	static
../Core/Src/main.c:473:6:setOneLED	40	static
../Core/Src/main.c:519:6:Error_Handler	4	static,ignoring_inline_asm
